
-- Exceptions --

• Simply put exceptions are error conditions which disrupt the normal flow of the program 
• Python allows for a simple and elegant way to handle exceptions


>>> 0/0
Traceback (most recent call last):
  File "<stdin>", line 1, in <module>
ZeroDivisionError: division by zero
>>> 
>>> 
>>> try:
...     a = 0/0
... except:
...     print("Exception Happend")
... 
Exception Happend
>>> 
>>> 
>>> try:
...     a = 10/20
... except:
...     print("Exception")
... else:
...     print("No Exception")
... finally:
...     print("Cleanup Code")
... 
No Exception
Cleanup Code
>>> 
>>>
>>> try:
...     a = 0/0
... except ZeroDivisionError:
...     print("Divide by Zero")
... except:
...     print("Unknown error")
... 
Divide by Zero
>>> 
>>> 
>>> try:
...     a = 0/0
... except Exception as im:
...     print(im)
... 
division by zero


-- Example --

try:
    x = 10 / 0  # This will raise a ZeroDivisionError
except ZeroDivisionError:
    print("Cannot divide by zero!")










