
-- List --

>>> myList = [1,2,3]
>>> len(myList)
3
>>>
>>> myList[0]
1
>>>
>>> myList[1]
2
>>>
>>>
>>> myList = [1, 2 [3,4]]
Traceback (most recent call last):
  File "<stdin>", line 1, in <module>
TypeError: 'int' object has no attribute '__getitem__'
>>>
>>> myList = [1,2, [3,4]]
>>> len(myList)
3
>>>
>>> myList = [1, "vivek", 3, "hi"]
>>> myList
[1, 'vivek', 3, 'hi']
>>>
>>>
>>> myList.append(5)
>>>
>>> myList()
Traceback (most recent call last):
  File "<stdin>", line 1, in <module>
TypeError: 'list' object is not callable
>>>
>>> myList
[1, 'vivek', 3, 'hi', 5]
>>>
>>>
>>> myList.reverse()
>>>
>>> myList
[5, 'hi', 3, 'vivek', 1]
>>>


-- List Operations --

Concatenate: [1,2] + [3,4] = [1,2,3,4]
Append: list.append()
Extend: list.extend([])
Reverse: list.reverse()
Pop: list.pop()
Insert: list.insert(index, item)
Delete: del list[index]


>>> myList [5, 'hi', 3, 'vivek', 1]
>>>
>>> myList.reverse()
>>> myList
[1, 'vivek', 3, 'hi', 5]
>>>
>>>
>>> myList.pop()
5
>>>
>>> myList
[1, 'vivek', 3, 'hi']
>>>
>>>
>>> myList.insert(2, "there")
>>> myList
[1, 'vivek', 'there', 3, 'hi']
>>>
>>>
>>> del myList[2]
>>> myList
[1, 'vivek', 3, 'hi']
>>>


