
>>> myList = [1,2,3]
>>> len(myList)
3
>>>
>>> myList[0]
1
>>>
>>> myList[1]
2
>>>
>>>
>>> myList = [1, 2 [3,4]]
Traceback (most recent call last):
  File "<stdin>", line 1, in <module>
TypeError: 'int' object has no attribute '__getitem__'
>>>
>>> myList = [1,2, [3,4]]
>>> len(myList)
3
>>>
>>> myList = [1, "vivek", 3, "hi"]
>>> myList
[1, 'vivek', 3, 'hi']
>>>
>>>
>>> myList.append(5)
>>>
>>> myList()
Traceback (most recent call last):
  File "<stdin>", line 1, in <module>
TypeError: 'list' object is not callable
>>>
>>> myList
[1, 'vivek', 3, 'hi', 5]
>>>
>>>
>>> myList.reverse()
>>>
>>> myList
[5, 'hi', 3, 'vivek', 1]
>>>
