
Strings are immutable objects in Python

>>> name = "vivek"
>>>
>>> name[0]
'v'
>>>
>>> name[0] = 'a'
Traceback (most recent call last):
  File "<stdin>", line 1, in <module>
TypeError: 'str' object does not support item assignment
>>>
>>> name = "ramachandran"
>>> name
'ramachandran'
>>>
>>> a = "vivek"
>>> name = a
>>>
>>> name
'vivek'
>>>
>>> a
'vivek'
>>>
>>> a = "ramachandran"
>>>
>>> a
'ramachandran'
>>>
>>> name
'vivek'
>>>
>>>
>>> first_name = "vivek"
>>> last_name = "ramachandran"
>>>
>>> full_name = first_name + ' ' + last_name
>>> full_name
'vivek ramachandran'
>>>
>>>
>>> buffer = "A" * 50
>>> buffer
'AAAAAAAAAAAAAAAAAAAAAAAAAAAAAAAAAAAAAAAAAAAAAAAAAA'
>>>
>>> name = "vivek ramachandran"
>>>
>>> name[5:10]
' rama'
>>>
>>> name[5:10:2]
' aa'
>>>
>>> int("42")
42
>>>
>>> str(42)
'42'
>>>
